{
  "Entries": [
    {
      "RequestUri": "/subscriptions/2c224e7e-3ef5-431d-a57b-e71f4662e3a6/providers?&api-version=2014-04-01-preview",
      "RequestMethod": "GET",
      "RequestBody": "",
      "RequestHeaders": {
        "User-Agent": [
          "Microsoft.Azure.Management.Resources.ResourceManagementClient/2.0.0.0",
          "WindowsAzurePowershell/v0.8.4"
        ]
      },
      "ResponseBody": "{\r\n  \"value\": [\r\n    {\r\n      \"id\": \"/subscriptions/2c224e7e-3ef5-431d-a57b-e71f4662e3a6/providers/Microsoft.ApiManagement\",\r\n      \"namespace\": \"Microsoft.ApiManagement\",\r\n      \"resourceTypes\": [\r\n        {\r\n          \"resourceType\": \"service\",\r\n          \"locations\": [\r\n            \"North Central US\",\r\n            \"East US\",\r\n            \"West US\",\r\n            \"North Europe\",\r\n            \"West Europe\",\r\n            \"East Asia\"\r\n          ]\r\n        }\r\n      ],\r\n      \"registrationState\": \"Registered\"\r\n    },\r\n    {\r\n      \"id\": \"/subscriptions/2c224e7e-3ef5-431d-a57b-e71f4662e3a6/providers/Microsoft.Batch\",\r\n      \"namespace\": \"Microsoft.Batch\",\r\n      \"resourceTypes\": [\r\n        {\r\n          \"resourceType\": \"batchAccounts\",\r\n          \"locations\": [\r\n            \"West US\",\r\n            \"East US\",\r\n            \"East US 2\",\r\n            \"North Central US\",\r\n            \"South Central US\",\r\n            \"Central US\",\r\n            \"West Europe\",\r\n            \"North Europe\",\r\n            \"East Asia\",\r\n            \"Southeast Asia\",\r\n            \"Japan West\",\r\n            \"Japan East\",\r\n            \"Brazil South\"\r\n          ]\r\n        }\r\n      ],\r\n      \"registrationState\": \"NotRegistered\"\r\n    },\r\n    {\r\n      \"id\": \"/subscriptions/2c224e7e-3ef5-431d-a57b-e71f4662e3a6/providers/Microsoft.BizTalkServices\",\r\n      \"namespace\": \"Microsoft.BizTalkServices\",\r\n      \"resourceTypes\": [\r\n        {\r\n          \"resourceType\": \"BizTalk\",\r\n          \"locations\": [\r\n            \"East US\",\r\n            \"West US\",\r\n            \"North Europe\",\r\n            \"West Europe\",\r\n            \"Southeast Asia\",\r\n            \"East Asia\",\r\n            \"North Central US\",\r\n            \"Japan West\",\r\n            \"Japan East\",\r\n            \"South Central US\"\r\n          ]\r\n        }\r\n      ],\r\n      \"registrationState\": \"NotRegistered\"\r\n    },\r\n    {\r\n      \"id\": \"/subscriptions/2c224e7e-3ef5-431d-a57b-e71f4662e3a6/providers/microsoft.cache\",\r\n      \"namespace\": \"microsoft.cache\",\r\n      \"resourceTypes\": [\r\n        {\r\n          \"resourceType\": \"Redis\",\r\n          \"locations\": [\r\n            \"North Central US\",\r\n            \"South Central US\",\r\n            \"West Europe\",\r\n            \"North Europe\"\r\n          ],\r\n          \"properties\": null\r\n        },\r\n        {\r\n          \"resourceType\": \"quotas\",\r\n          \"locations\": [\r\n            \"\"\r\n          ],\r\n          \"properties\": null\r\n        }\r\n      ],\r\n      \"registrationState\": \"Registered\"\r\n    },\r\n    {\r\n      \"id\": \"/subscriptions/2c224e7e-3ef5-431d-a57b-e71f4662e3a6/providers/Microsoft.ClassicCompute\",\r\n      \"namespace\": \"Microsoft.ClassicCompute\",\r\n      \"resourceTypes\": [\r\n        {\r\n          \"resourceType\": \"domainNames\",\r\n          \"locations\": [\r\n            \"East Asia\",\r\n            \"Southeast Asia\",\r\n            \"East US\",\r\n            \"East US 2\",\r\n            \"West US\",\r\n            \"North Central US\",\r\n            \"South Central US\",\r\n            \"Central US\",\r\n            \"North Europe\",\r\n            \"West Europe\",\r\n            \"Japan East\",\r\n            \"Japan West\",\r\n            \"Brazil South\"\r\n          ]\r\n        },\r\n        {\r\n          \"resourceType\": \"virtualMachines\",\r\n          \"locations\": [\r\n            \"East Asia\",\r\n            \"Southeast Asia\",\r\n            \"East US\",\r\n            \"East US 2\",\r\n            \"West US\",\r\n            \"North Central US\",\r\n            \"South Central US\",\r\n            \"Central US\",\r\n            \"North Europe\",\r\n            \"West Europe\",\r\n            \"Japan East\",\r\n            \"Japan West\",\r\n            \"Brazil South\"\r\n          ]\r\n        },\r\n        {\r\n          \"resourceType\": \"capabilities\",\r\n          \"locations\": [\r\n            \"\"\r\n          ]\r\n        }\r\n      ],\r\n      \"registrationState\": \"NotRegistered\"\r\n    },\r\n    {\r\n      \"id\": \"/subscriptions/2c224e7e-3ef5-431d-a57b-e71f4662e3a6/providers/Microsoft.ClassicNetwork\",\r\n      \"namespace\": \"Microsoft.ClassicNetwork\",\r\n      \"resourceTypes\": [\r\n        {\r\n          \"resourceType\": \"virtualNetworks\",\r\n          \"locations\": [\r\n            \"East Asia\",\r\n            \"Southeast Asia\",\r\n            \"East US\",\r\n            \"East US 2\",\r\n            \"West US\",\r\n            \"North Central US\",\r\n            \"South Central US\",\r\n            \"Central US\",\r\n            \"North Europe\",\r\n            \"West Europe\",\r\n            \"Japan East\",\r\n            \"Japan West\",\r\n            \"Brazil South\"\r\n          ]\r\n        }\r\n      ],\r\n      \"registrationState\": \"NotRegistered\"\r\n    },\r\n    {\r\n      \"id\": \"/subscriptions/2c224e7e-3ef5-431d-a57b-e71f4662e3a6/providers/Microsoft.ClassicStorage\",\r\n      \"namespace\": \"Microsoft.ClassicStorage\",\r\n      \"resourceTypes\": [\r\n        {\r\n          \"resourceType\": \"storageAccounts\",\r\n          \"locations\": [\r\n            \"East Asia\",\r\n            \"Southeast Asia\",\r\n            \"East US\",\r\n            \"East US 2\",\r\n            \"West US\",\r\n            \"North Central US\",\r\n            \"South Central US\",\r\n            \"Central US\",\r\n            \"North Europe\",\r\n            \"West Europe\",\r\n            \"Japan East\",\r\n            \"Japan West\",\r\n            \"Brazil South\"\r\n          ]\r\n        }\r\n      ],\r\n      \"registrationState\": \"NotRegistered\"\r\n    },\r\n    {\r\n      \"id\": \"/subscriptions/2c224e7e-3ef5-431d-a57b-e71f4662e3a6/providers/Microsoft.DataFactory\",\r\n      \"namespace\": \"Microsoft.DataFactory\",\r\n      \"resourceTypes\": [\r\n        {\r\n          \"resourceType\": \"dataFactories\",\r\n          \"locations\": [\r\n            \"West US\"\r\n          ],\r\n          \"properties\": null\r\n        }\r\n      ],\r\n      \"registrationState\": \"NotRegistered\"\r\n    },\r\n    {\r\n      \"id\": \"/subscriptions/2c224e7e-3ef5-431d-a57b-e71f4662e3a6/providers/Microsoft.DocumentDB\",\r\n      \"namespace\": \"Microsoft.DocumentDB\",\r\n      \"resourceTypes\": [\r\n        {\r\n          \"resourceType\": \"databaseAccounts\",\r\n          \"locations\": [\r\n            \"East US\",\r\n            \"West US\",\r\n            \"North Europe\",\r\n            \"West Europe\"\r\n          ],\r\n          \"properties\": null\r\n        }\r\n      ],\r\n      \"registrationState\": \"NotRegistered\"\r\n    },\r\n    {\r\n      \"id\": \"/subscriptions/2c224e7e-3ef5-431d-a57b-e71f4662e3a6/providers/microsoft.insights\",\r\n      \"namespace\": \"microsoft.insights\",\r\n      \"resourceTypes\": [\r\n        {\r\n          \"resourceType\": \"alertrules\",\r\n          \"locations\": [\r\n            \"West US\",\r\n            \"East US\"\r\n          ],\r\n          \"properties\": null\r\n        },\r\n        {\r\n          \"resourceType\": \"autoscalesettings\",\r\n          \"locations\": [\r\n            \"West US\",\r\n            \"East US\"\r\n          ],\r\n          \"properties\": null\r\n        },\r\n        {\r\n          \"resourceType\": \"components\",\r\n          \"locations\": [\r\n            \"\",\r\n            \"Central US\"\r\n          ],\r\n          \"properties\": null\r\n        },\r\n        {\r\n          \"resourceType\": \"eventtypes\",\r\n          \"locations\": [\r\n            \"\"\r\n          ],\r\n          \"properties\": null\r\n        },\r\n        {\r\n          \"resourceType\": \"metricDefinitionNamespace\",\r\n          \"locations\": [\r\n            \"\"\r\n          ],\r\n          \"properties\": null\r\n        },\r\n        {\r\n          \"resourceType\": \"metricDefinitions\",\r\n          \"locations\": [\r\n            \"\"\r\n          ],\r\n          \"properties\": null\r\n        },\r\n        {\r\n          \"resourceType\": \"metricNamespace\",\r\n          \"locations\": [\r\n            \"\"\r\n          ],\r\n          \"properties\": null\r\n        },\r\n        {\r\n          \"resourceType\": \"metrics\",\r\n          \"locations\": [\r\n            \"\"\r\n          ],\r\n          \"properties\": null\r\n        },\r\n        {\r\n          \"resourceType\": \"webtests\",\r\n          \"locations\": [\r\n            \"\",\r\n            \"Central US\"\r\n          ],\r\n          \"properties\": null\r\n        }\r\n      ],\r\n      \"registrationState\": \"Registered\"\r\n    },\r\n    {\r\n      \"id\": \"/subscriptions/2c224e7e-3ef5-431d-a57b-e71f4662e3a6/providers/Microsoft.IntelligentSystems\",\r\n      \"namespace\": \"Microsoft.IntelligentSystems\",\r\n      \"resourceTypes\": [\r\n        {\r\n          \"resourceType\": \"accounts\",\r\n          \"locations\": [\r\n            \"West US\",\r\n            \"North Europe\"\r\n          ],\r\n          \"properties\": null\r\n        }\r\n      ],\r\n      \"registrationState\": \"NotRegistered\"\r\n    },\r\n    {\r\n      \"id\": \"/subscriptions/2c224e7e-3ef5-431d-a57b-e71f4662e3a6/providers/Microsoft.Sql\",\r\n      \"namespace\": \"Microsoft.Sql\",\r\n      \"resourceTypes\": [\r\n        {\r\n          \"resourceType\": \"servers\",\r\n          \"locations\": [\r\n            \"Brazil South\",\r\n            \"Central US\",\r\n            \"East Asia\",\r\n            \"East US\",\r\n            \"East US 2\",\r\n            \"Japan East\",\r\n            \"Japan West\",\r\n            \"North Central US\",\r\n            \"North Europe\",\r\n            \"South Central US\",\r\n            \"Southeast Asia\",\r\n            \"West Europe\",\r\n            \"West US\"\r\n          ],\r\n          \"properties\": null\r\n        },\r\n        {\r\n          \"resourceType\": \"servers/databases\",\r\n          \"locations\": [\r\n            \"Brazil South\",\r\n            \"Central US\",\r\n            \"East Asia\",\r\n            \"East US\",\r\n            \"East US 2\",\r\n            \"Japan East\",\r\n            \"Japan West\",\r\n            \"North Central US\",\r\n            \"North Europe\",\r\n            \"South Central US\",\r\n            \"Southeast Asia\",\r\n            \"West Europe\",\r\n            \"West US\"\r\n          ],\r\n          \"properties\": null\r\n        },\r\n        {\r\n          \"resourceType\": \"servers/firewallrules\",\r\n          \"locations\": [\r\n            \"\"\r\n          ],\r\n          \"properties\": null\r\n        },\r\n        {\r\n          \"resourceType\": \"servers/databaseSecurityPolicies\",\r\n          \"locations\": [\r\n            \"\"\r\n          ],\r\n          \"properties\": null\r\n        },\r\n        {\r\n          \"resourceType\": \"servers/databaseSecurityMetrics\",\r\n          \"locations\": [\r\n            \"\"\r\n          ],\r\n          \"properties\": null\r\n        }\r\n      ],\r\n      \"registrationState\": \"NotRegistered\"\r\n    },\r\n    {\r\n      \"id\": \"/subscriptions/2c224e7e-3ef5-431d-a57b-e71f4662e3a6/providers/microsoft.visualstudio\",\r\n      \"namespace\": \"microsoft.visualstudio\",\r\n      \"resourceTypes\": [\r\n        {\r\n          \"resourceType\": \"account\",\r\n          \"locations\": [\r\n            \"North Central US\"\r\n          ]\r\n        },\r\n        {\r\n          \"resourceType\": \"account/project\",\r\n          \"locations\": [\r\n            \"North Central US\"\r\n          ]\r\n        }\r\n      ],\r\n      \"registrationState\": \"NotRegistered\"\r\n    },\r\n    {\r\n      \"id\": \"/subscriptions/2c224e7e-3ef5-431d-a57b-e71f4662e3a6/providers/Microsoft.Web\",\r\n      \"namespace\": \"Microsoft.Web\",\r\n      \"resourceTypes\": [\r\n        {\r\n          \"resourceType\": \"certificates\",\r\n          \"locations\": [\r\n            \"Brazil South\",\r\n            \"East Asia\",\r\n            \"East US\",\r\n            \"Japan East\",\r\n            \"Japan West\",\r\n            \"North Central US\",\r\n            \"North Europe\",\r\n            \"South Central US\",\r\n            \"West Europe\",\r\n            \"West US\",\r\n            \"Southeast Asia\"\r\n          ]\r\n        },\r\n        {\r\n          \"resourceType\": \"serverFarms\",\r\n          \"locations\": [\r\n            \"Brazil South\",\r\n            \"East Asia\",\r\n            \"East US\",\r\n            \"Japan East\",\r\n            \"Japan West\",\r\n            \"North Central US\",\r\n            \"North Europe\",\r\n            \"South Central US\",\r\n            \"West Europe\",\r\n            \"West US\",\r\n            \"Southeast Asia\"\r\n          ]\r\n        },\r\n        {\r\n          \"resourceType\": \"sites\",\r\n          \"locations\": [\r\n            \"Brazil South\",\r\n            \"East Asia\",\r\n            \"East US\",\r\n            \"Japan East\",\r\n            \"Japan West\",\r\n            \"North Central US\",\r\n            \"North Europe\",\r\n            \"South Central US\",\r\n            \"West Europe\",\r\n            \"West US\",\r\n            \"Southeast Asia\"\r\n          ]\r\n        }\r\n      ],\r\n      \"registrationState\": \"Registering\"\r\n    },\r\n    {\r\n      \"id\": \"/subscriptions/2c224e7e-3ef5-431d-a57b-e71f4662e3a6/providers/successbricks.cleardb\",\r\n      \"namespace\": \"successbricks.cleardb\",\r\n      \"resourceTypes\": [\r\n        {\r\n          \"resourceType\": \"databases\",\r\n          \"locations\": [\r\n            \"East Asia\",\r\n            \"East US\",\r\n            \"Japan East\",\r\n            \"Japan West\",\r\n            \"North Central US\",\r\n            \"North Europe\",\r\n            \"Southeast Asia\",\r\n            \"West Europe\",\r\n            \"West US\"\r\n          ],\r\n          \"properties\": null\r\n        }\r\n      ],\r\n      \"registrationState\": \"Registered\"\r\n    },\r\n    {\r\n      \"id\": \"/subscriptions/2c224e7e-3ef5-431d-a57b-e71f4662e3a6/providers/Microsoft.Resources\",\r\n      \"namespace\": \"Microsoft.Resources\",\r\n      \"resourceTypes\": [\r\n        {\r\n          \"resourceType\": \"resourceGroups\",\r\n          \"locations\": [\r\n            \"centralus\",\r\n            \"eastasia\",\r\n            \"southeastasia\",\r\n            \"eastus\",\r\n            \"westus\",\r\n            \"northcentralus\",\r\n            \"southcentralus\",\r\n            \"northeurope\",\r\n            \"westeurope\"\r\n          ]\r\n        }\r\n      ],\r\n      \"registrationState\": \"Registered\"\r\n    }\r\n  ]\r\n}",
      "ResponseHeaders": {
        "Pragma": [
          "no-cache"
        ],
        "x-ms-ratelimit-remaining-subscription-reads": [
          "31937"
        ],
        "x-ms-request-id": [
          "a3b03334-b5a9-40e6-be02-515c75ba1720"
        ],
        "x-ms-correlation-request-id": [
          "a3b03334-b5a9-40e6-be02-515c75ba1720"
        ],
        "x-ms-routing-request-id": [
          "WESTUS:20140702T233629Z:a3b03334-b5a9-40e6-be02-515c75ba1720"
        ],
        "Cache-Control": [
          "no-cache"
        ],
        "Date": [
          "Wed, 02 Jul 2014 23:36:29 GMT"
        ]
      },
      "StatusCode": 200
    },
    {
      "RequestUri": "/subscriptions/2c224e7e-3ef5-431d-a57b-e71f4662e3a6/resourcegroups/onesdk1640?api-version=2014-04-01-preview",
      "RequestMethod": "HEAD",
      "RequestBody": "",
      "RequestHeaders": {
        "User-Agent": [
          "Microsoft.Azure.Management.Resources.ResourceManagementClient/2.0.0.0",
          "WindowsAzurePowershell/v0.8.4"
        ]
      },
      "ResponseBody": "",
      "ResponseHeaders": {
        "Pragma": [
          "no-cache"
        ],
        "x-ms-ratelimit-remaining-subscription-reads": [
          "31947"
        ],
        "x-ms-request-id": [
          "c2dcaedd-c7ee-4dca-afba-0461b2ca4f56"
        ],
        "x-ms-correlation-request-id": [
          "c2dcaedd-c7ee-4dca-afba-0461b2ca4f56"
        ],
        "x-ms-routing-request-id": [
          "WESTUS:20140702T233630Z:c2dcaedd-c7ee-4dca-afba-0461b2ca4f56"
        ],
        "Cache-Control": [
          "no-cache"
        ],
        "Date": [
          "Wed, 02 Jul 2014 23:36:29 GMT"
        ]
      },
      "StatusCode": 404
    },
    {
      "RequestUri": "/subscriptions/2c224e7e-3ef5-431d-a57b-e71f4662e3a6/resourcegroups/onesdk1640?api-version=2014-04-01-preview",
      "RequestMethod": "HEAD",
      "RequestBody": "",
      "RequestHeaders": {
        "User-Agent": [
          "Microsoft.Azure.Management.Resources.ResourceManagementClient/2.0.0.0",
          "WindowsAzurePowershell/v0.8.4"
        ]
      },
      "ResponseBody": "",
      "ResponseHeaders": {
        "Pragma": [
          "no-cache"
        ],
        "x-ms-ratelimit-remaining-subscription-reads": [
          "31933"
        ],
        "x-ms-request-id": [
          "0bacb8af-068a-4cf5-b8c1-1fc29fa7f86a"
        ],
        "x-ms-correlation-request-id": [
          "0bacb8af-068a-4cf5-b8c1-1fc29fa7f86a"
        ],
        "x-ms-routing-request-id": [
          "WESTUS:20140702T233630Z:0bacb8af-068a-4cf5-b8c1-1fc29fa7f86a"
        ],
        "Cache-Control": [
          "no-cache"
        ],
        "Date": [
          "Wed, 02 Jul 2014 23:36:30 GMT"
        ]
      },
      "StatusCode": 204
    },
    {
      "RequestUri": "/subscriptions/2c224e7e-3ef5-431d-a57b-e71f4662e3a6/resourcegroups/onesdk1640?api-version=2014-04-01-preview",
      "RequestMethod": "HEAD",
      "RequestBody": "",
      "RequestHeaders": {
        "User-Agent": [
          "Microsoft.Azure.Management.Resources.ResourceManagementClient/2.0.0.0",
          "WindowsAzurePowershell/v0.8.4"
        ]
      },
      "ResponseBody": "",
      "ResponseHeaders": {
        "Pragma": [
          "no-cache"
        ],
        "x-ms-ratelimit-remaining-subscription-reads": [
          "31936"
        ],
        "x-ms-request-id": [
          "6d522797-8624-41f0-8869-50926d1f82c5"
        ],
        "x-ms-correlation-request-id": [
          "6d522797-8624-41f0-8869-50926d1f82c5"
        ],
        "x-ms-routing-request-id": [
          "WESTUS:20140702T233630Z:6d522797-8624-41f0-8869-50926d1f82c5"
        ],
        "Cache-Control": [
          "no-cache"
        ],
        "Date": [
          "Wed, 02 Jul 2014 23:36:29 GMT"
        ]
      },
      "StatusCode": 204
    },
    {
      "RequestUri": "/subscriptions/2c224e7e-3ef5-431d-a57b-e71f4662e3a6/resourcegroups/onesdk1640?api-version=2014-04-01-preview",
      "RequestMethod": "HEAD",
      "RequestBody": "",
      "RequestHeaders": {
        "User-Agent": [
          "Microsoft.Azure.Management.Resources.ResourceManagementClient/2.0.0.0",
          "WindowsAzurePowershell/v0.8.4"
        ]
      },
      "ResponseBody": "",
      "ResponseHeaders": {
        "Pragma": [
          "no-cache"
        ],
        "x-ms-ratelimit-remaining-subscription-reads": [
          "31945"
        ],
        "x-ms-request-id": [
          "8a07243c-9a36-4412-97f6-a0dfd29df0b7"
        ],
        "x-ms-correlation-request-id": [
          "8a07243c-9a36-4412-97f6-a0dfd29df0b7"
        ],
        "x-ms-routing-request-id": [
          "WESTUS:20140702T233631Z:8a07243c-9a36-4412-97f6-a0dfd29df0b7"
        ],
        "Cache-Control": [
          "no-cache"
        ],
        "Date": [
          "Wed, 02 Jul 2014 23:36:31 GMT"
        ]
      },
      "StatusCode": 204
    },
    {
      "RequestUri": "/subscriptions/2c224e7e-3ef5-431d-a57b-e71f4662e3a6/resourcegroups/onesdk1640?api-version=2014-04-01-preview",
      "RequestMethod": "PUT",
      "RequestBody": "{\r\n  \"location\": \"West US\",\r\n  \"tags\": {}\r\n}",
      "RequestHeaders": {
        "User-Agent": [
          "Microsoft.Azure.Management.Resources.ResourceManagementClient/2.0.0.0",
          "WindowsAzurePowershell/v0.8.4"
        ]
      },
      "ResponseBody": "{\r\n  \"id\": \"/subscriptions/2c224e7e-3ef5-431d-a57b-e71f4662e3a6/resourceGroups/onesdk1640\",\r\n  \"name\": \"onesdk1640\",\r\n  \"location\": \"westus\",\r\n  \"tags\": {},\r\n  \"properties\": {\r\n    \"provisioningState\": \"Succeeded\"\r\n  }\r\n}",
      "ResponseHeaders": {
        "Pragma": [
          "no-cache"
        ],
        "x-ms-ratelimit-remaining-subscription-writes": [
          "1177"
        ],
        "x-ms-request-id": [
          "23a387a3-f0f4-4339-98bb-818861558cd1"
        ],
        "x-ms-correlation-request-id": [
          "23a387a3-f0f4-4339-98bb-818861558cd1"
        ],
        "x-ms-routing-request-id": [
          "WESTUS:20140702T233630Z:23a387a3-f0f4-4339-98bb-818861558cd1"
        ],
        "Cache-Control": [
          "no-cache"
        ],
        "Date": [
          "Wed, 02 Jul 2014 23:36:29 GMT"
        ]
      },
      "StatusCode": 201
    },
    {
      "RequestUri": "/subscriptions/2c224e7e-3ef5-431d-a57b-e71f4662e3a6/resourceGroups/onesdk1640/resources?&api-version=2014-04-01-preview",
      "RequestMethod": "GET",
      "RequestBody": "",
      "RequestHeaders": {
        "User-Agent": [
          "Microsoft.Azure.Management.Resources.ResourceManagementClient/2.0.0.0",
          "WindowsAzurePowershell/v0.8.4"
        ]
      },
      "ResponseBody": "{\r\n  \"value\": []\r\n}",
      "ResponseHeaders": {
        "Pragma": [
          "no-cache"
        ],
        "x-ms-ratelimit-remaining-subscription-reads": [
          "31946"
        ],
        "x-ms-request-id": [
          "f6471223-7de0-4dfd-8427-5051d4fa7eef"
        ],
        "x-ms-correlation-request-id": [
          "f6471223-7de0-4dfd-8427-5051d4fa7eef"
        ],
        "x-ms-routing-request-id": [
          "WESTUS:20140702T233630Z:f6471223-7de0-4dfd-8427-5051d4fa7eef"
        ],
        "Cache-Control": [
          "no-cache"
        ],
        "Date": [
          "Wed, 02 Jul 2014 23:36:29 GMT"
        ]
      },
      "StatusCode": 200
    },
    {
      "RequestUri": "/subscriptions/2c224e7e-3ef5-431d-a57b-e71f4662e3a6/resourceGroups/onesdk1640/resources?&api-version=2014-04-01-preview",
      "RequestMethod": "GET",
      "RequestBody": "",
      "RequestHeaders": {
        "User-Agent": [
          "Microsoft.Azure.Management.Resources.ResourceManagementClient/2.0.0.0",
          "WindowsAzurePowershell/v0.8.4"
        ]
      },
      "ResponseBody": "{\r\n  \"value\": []\r\n}",
      "ResponseHeaders": {
        "Pragma": [
          "no-cache"
        ],
        "x-ms-ratelimit-remaining-subscription-reads": [
          "31957"
        ],
        "x-ms-request-id": [
          "a048bf55-0e03-4139-aa29-989689c0e521"
        ],
        "x-ms-correlation-request-id": [
          "a048bf55-0e03-4139-aa29-989689c0e521"
        ],
        "x-ms-routing-request-id": [
          "WESTUS:20140702T233630Z:a048bf55-0e03-4139-aa29-989689c0e521"
        ],
        "Cache-Control": [
          "no-cache"
        ],
        "Date": [
          "Wed, 02 Jul 2014 23:36:30 GMT"
        ]
      },
      "StatusCode": 200
    },
    {
      "RequestUri": "/subscriptions/2c224e7e-3ef5-431d-a57b-e71f4662e3a6/resourceGroups/onesdk1640/resources?&api-version=2014-04-01-preview",
      "RequestMethod": "GET",
      "RequestBody": "",
      "RequestHeaders": {
        "User-Agent": [
          "Microsoft.Azure.Management.Resources.ResourceManagementClient/2.0.0.0",
          "WindowsAzurePowershell/v0.8.4"
        ]
      },
      "ResponseBody": "{\r\n  \"value\": []\r\n}",
      "ResponseHeaders": {
        "Pragma": [
          "no-cache"
        ],
        "x-ms-ratelimit-remaining-subscription-reads": [
          "31932"
        ],
        "x-ms-request-id": [
          "ea95b3e3-d7b1-4144-8acc-bcb706f003b9"
        ],
        "x-ms-correlation-request-id": [
          "ea95b3e3-d7b1-4144-8acc-bcb706f003b9"
        ],
        "x-ms-routing-request-id": [
          "WESTUS:20140702T233630Z:ea95b3e3-d7b1-4144-8acc-bcb706f003b9"
        ],
        "Cache-Control": [
          "no-cache"
        ],
        "Date": [
          "Wed, 02 Jul 2014 23:36:30 GMT"
        ]
      },
      "StatusCode": 200
    },
    {
      "RequestUri": "/subscriptions/2c224e7e-3ef5-431d-a57b-e71f4662e3a6/resourceGroups/onesdk1640/resources?&api-version=2014-04-01-preview",
      "RequestMethod": "GET",
      "RequestBody": "",
      "RequestHeaders": {
        "User-Agent": [
          "Microsoft.Azure.Management.Resources.ResourceManagementClient/2.0.0.0",
          "WindowsAzurePowershell/v0.8.4"
        ]
      },
      "ResponseBody": "{\r\n  \"value\": []\r\n}",
      "ResponseHeaders": {
        "Pragma": [
          "no-cache"
        ],
        "x-ms-ratelimit-remaining-subscription-reads": [
          "31935"
        ],
        "x-ms-request-id": [
          "f5438ba0-00b7-494e-ad58-83b4ba26ba3e"
        ],
        "x-ms-correlation-request-id": [
          "f5438ba0-00b7-494e-ad58-83b4ba26ba3e"
        ],
        "x-ms-routing-request-id": [
          "WESTUS:20140702T233630Z:f5438ba0-00b7-494e-ad58-83b4ba26ba3e"
        ],
        "Cache-Control": [
          "no-cache"
        ],
        "Date": [
          "Wed, 02 Jul 2014 23:36:29 GMT"
        ]
      },
      "StatusCode": 200
    },
    {
      "RequestUri": "/subscriptions/2c224e7e-3ef5-431d-a57b-e71f4662e3a6/resourcegroups/onesdk1640?api-version=2014-04-01-preview",
      "RequestMethod": "GET",
      "RequestBody": "",
      "RequestHeaders": {
        "User-Agent": [
          "Microsoft.Azure.Management.Resources.ResourceManagementClient/2.0.0.0",
          "WindowsAzurePowershell/v0.8.4"
        ]
      },
      "ResponseBody": "{\r\n  \"id\": \"/subscriptions/2c224e7e-3ef5-431d-a57b-e71f4662e3a6/resourceGroups/onesdk1640\",\r\n  \"name\": \"onesdk1640\",\r\n  \"location\": \"westus\",\r\n  \"tags\": {},\r\n  \"properties\": {\r\n    \"provisioningState\": \"Succeeded\"\r\n  }\r\n}",
      "ResponseHeaders": {
        "Pragma": [
          "no-cache"
        ],
        "x-ms-ratelimit-remaining-subscription-reads": [
          "31958"
        ],
        "x-ms-request-id": [
          "2b78cbca-f084-44cd-8207-4e2a5994fd67"
        ],
        "x-ms-correlation-request-id": [
          "2b78cbca-f084-44cd-8207-4e2a5994fd67"
        ],
        "x-ms-routing-request-id": [
          "WESTUS:20140702T233630Z:2b78cbca-f084-44cd-8207-4e2a5994fd67"
        ],
        "Cache-Control": [
          "no-cache"
        ],
        "Date": [
          "Wed, 02 Jul 2014 23:36:30 GMT"
        ]
      },
      "StatusCode": 200
    },
    {
      "RequestUri": "/subscriptions/2c224e7e-3ef5-431d-a57b-e71f4662e3a6/resourcegroups/onesdk1640?api-version=2014-04-01-preview",
      "RequestMethod": "DELETE",
      "RequestBody": "",
      "RequestHeaders": {
        "User-Agent": [
          "Microsoft.Azure.Management.Resources.ResourceManagementClient/2.0.0.0",
          "WindowsAzurePowershell/v0.8.4"
        ],
        "client-tracking-id": [
          "201"
        ]
      },
      "ResponseBody": "",
      "ResponseHeaders": {
        "Pragma": [
          "no-cache"
        ],
        "Retry-After": [
          "15"
        ],
        "x-ms-ratelimit-remaining-subscription-writes": [
          "1176"
        ],
        "x-ms-request-id": [
          "f5244d07-697a-4753-a7ad-358b3e40753c"
        ],
        "x-ms-correlation-request-id": [
          "f5244d07-697a-4753-a7ad-358b3e40753c"
        ],
        "x-ms-routing-request-id": [
          "WESTUS:20140702T233631Z:f5244d07-697a-4753-a7ad-358b3e40753c"
        ],
        "Cache-Control": [
          "no-cache"
        ],
        "Date": [
          "Wed, 02 Jul 2014 23:36:31 GMT"
        ],
        "Location": [
          "https://management.azure.com/subscriptions/2c224e7e-3ef5-431d-a57b-e71f4662e3a6/operationresults/eyJqb2JJZCI6IlJFU09VUkNFR1JPVVBERUxFVElPTkpPQi1PTkVTREsxNjQwLVdFU1RVUyIsImpvYkxvY2F0aW9uIjoid2VzdHVzIn0=?api-version=2014-04-01-preview"
        ]
      },
      "StatusCode": 202
    },
    {
      "RequestUri": "/subscriptions/2c224e7e-3ef5-431d-a57b-e71f4662e3a6/operationresults/eyJqb2JJZCI6IlJFU09VUkNFR1JPVVBERUxFVElPTkpPQi1PTkVTREsxNjQwLVdFU1RVUyIsImpvYkxvY2F0aW9uIjoid2VzdHVzIn0=?api-version=2014-04-01-preview",
      "RequestMethod": "GET",
      "RequestBody": "",
      "RequestHeaders": {
        "x-ms-version": [
          "2014-04-01-preview"
        ],
        "User-Agent": [
          "Microsoft.Azure.Management.Resources.ResourceManagementClient/2.0.0.0",
          "WindowsAzurePowershell/v0.8.4"
        ],
        "client-tracking-id": [
          "201"
        ]
      },
      "ResponseBody": "",
      "ResponseHeaders": {
        "Pragma": [
          "no-cache"
        ],
        "Retry-After": [
          "15"
        ],
        "x-ms-ratelimit-remaining-subscription-reads": [
          "31944"
        ],
        "x-ms-request-id": [
          "2f5eef5f-4fc0-4171-87fd-72aa4ba8b3ae"
        ],
        "x-ms-correlation-request-id": [
          "2f5eef5f-4fc0-4171-87fd-72aa4ba8b3ae"
        ],
        "x-ms-routing-request-id": [
          "WESTUS:20140702T233631Z:2f5eef5f-4fc0-4171-87fd-72aa4ba8b3ae"
        ],
        "Cache-Control": [
          "no-cache"
        ],
        "Date": [
          "Wed, 02 Jul 2014 23:36:31 GMT"
        ],
        "Location": [
          "https://management.azure.com/subscriptions/2c224e7e-3ef5-431d-a57b-e71f4662e3a6/operationresults/eyJqb2JJZCI6IlJFU09VUkNFR1JPVVBERUxFVElPTkpPQi1PTkVTREsxNjQwLVdFU1RVUyIsImpvYkxvY2F0aW9uIjoid2VzdHVzIn0=?api-version=2014-04-01-preview"
        ]
      },
      "StatusCode": 202
    },
    {
      "RequestUri": "/subscriptions/2c224e7e-3ef5-431d-a57b-e71f4662e3a6/operationresults/eyJqb2JJZCI6IlJFU09VUkNFR1JPVVBERUxFVElPTkpPQi1PTkVTREsxNjQwLVdFU1RVUyIsImpvYkxvY2F0aW9uIjoid2VzdHVzIn0=?api-version=2014-04-01-preview",
      "RequestMethod": "GET",
      "RequestBody": "",
      "RequestHeaders": {
        "x-ms-version": [
          "2014-04-01-preview"
        ],
        "User-Agent": [
          "Microsoft.Azure.Management.Resources.ResourceManagementClient/2.0.0.0",
          "WindowsAzurePowershell/v0.8.4"
        ],
        "client-tracking-id": [
          "201"
        ]
      },
      "ResponseBody": "",
      "ResponseHeaders": {
        "Pragma": [
          "no-cache"
        ],
        "Retry-After": [
          "15"
        ],
        "x-ms-ratelimit-remaining-subscription-reads": [
          "31943"
        ],
        "x-ms-request-id": [
          "2c3d7f1e-fda2-4e95-898a-839857a1d71e"
        ],
        "x-ms-correlation-request-id": [
          "2c3d7f1e-fda2-4e95-898a-839857a1d71e"
        ],
        "x-ms-routing-request-id": [
          "WESTUS:20140702T233646Z:2c3d7f1e-fda2-4e95-898a-839857a1d71e"
        ],
        "Cache-Control": [
          "no-cache"
        ],
        "Date": [
          "Wed, 02 Jul 2014 23:36:46 GMT"
        ],
        "Location": [
          "https://management.azure.com/subscriptions/2c224e7e-3ef5-431d-a57b-e71f4662e3a6/operationresults/eyJqb2JJZCI6IlJFU09VUkNFR1JPVVBERUxFVElPTkpPQi1PTkVTREsxNjQwLVdFU1RVUyIsImpvYkxvY2F0aW9uIjoid2VzdHVzIn0=?api-version=2014-04-01-preview"
        ]
      },
      "StatusCode": 202
    },
    {
      "RequestUri": "/subscriptions/2c224e7e-3ef5-431d-a57b-e71f4662e3a6/operationresults/eyJqb2JJZCI6IlJFU09VUkNFR1JPVVBERUxFVElPTkpPQi1PTkVTREsxNjQwLVdFU1RVUyIsImpvYkxvY2F0aW9uIjoid2VzdHVzIn0=?api-version=2014-04-01-preview",
      "RequestMethod": "GET",
      "RequestBody": "",
      "RequestHeaders": {
        "x-ms-version": [
          "2014-04-01-preview"
        ],
        "User-Agent": [
          "Microsoft.Azure.Management.Resources.ResourceManagementClient/2.0.0.0",
          "WindowsAzurePowershell/v0.8.4"
        ],
        "client-tracking-id": [
          "201"
        ]
      },
      "ResponseBody": "",
      "ResponseHeaders": {
        "Pragma": [
          "no-cache"
        ],
        "Retry-After": [
          "15"
        ],
        "x-ms-ratelimit-remaining-subscription-reads": [
          "31942"
        ],
        "x-ms-request-id": [
          "fa97db8a-8d4a-444e-ab36-d03eb3e249a2"
        ],
        "x-ms-correlation-request-id": [
          "fa97db8a-8d4a-444e-ab36-d03eb3e249a2"
        ],
        "x-ms-routing-request-id": [
          "WESTUS:20140702T233701Z:fa97db8a-8d4a-444e-ab36-d03eb3e249a2"
        ],
        "Cache-Control": [
          "no-cache"
        ],
        "Date": [
          "Wed, 02 Jul 2014 23:37:00 GMT"
        ],
        "Location": [
          "https://management.azure.com/subscriptions/2c224e7e-3ef5-431d-a57b-e71f4662e3a6/operationresults/eyJqb2JJZCI6IlJFU09VUkNFR1JPVVBERUxFVElPTkpPQi1PTkVTREsxNjQwLVdFU1RVUyIsImpvYkxvY2F0aW9uIjoid2VzdHVzIn0=?api-version=2014-04-01-preview"
        ]
      },
      "StatusCode": 202
    },
    {
      "RequestUri": "/subscriptions/2c224e7e-3ef5-431d-a57b-e71f4662e3a6/operationresults/eyJqb2JJZCI6IlJFU09VUkNFR1JPVVBERUxFVElPTkpPQi1PTkVTREsxNjQwLVdFU1RVUyIsImpvYkxvY2F0aW9uIjoid2VzdHVzIn0=?api-version=2014-04-01-preview",
      "RequestMethod": "GET",
      "RequestBody": "",
      "RequestHeaders": {
        "x-ms-version": [
          "2014-04-01-preview"
        ],
        "User-Agent": [
          "Microsoft.Azure.Management.Resources.ResourceManagementClient/2.0.0.0",
          "WindowsAzurePowershell/v0.8.4"
        ],
        "client-tracking-id": [
          "201"
        ]
      },
      "ResponseBody": "",
      "ResponseHeaders": {
        "Pragma": [
          "no-cache"
        ],
        "x-ms-ratelimit-remaining-subscription-reads": [
          "31941"
        ],
        "x-ms-request-id": [
          "4032501b-7d21-417b-a124-7842874cc566"
        ],
        "x-ms-correlation-request-id": [
          "4032501b-7d21-417b-a124-7842874cc566"
        ],
        "x-ms-routing-request-id": [
          "WESTUS:20140702T233716Z:4032501b-7d21-417b-a124-7842874cc566"
        ],
        "Cache-Control": [
          "no-cache"
        ],
        "Date": [
          "Wed, 02 Jul 2014 23:37:16 GMT"
        ]
      },
      "StatusCode": 200
    }
  ],
  "Names": {
    "Test-GetResourcesFromEmptyGroup": [
      "onesdk1640"
    ]
  },
  "Variables": {
    "SubscriptionId": "2c224e7e-3ef5-431d-a57b-e71f4662e3a6"
  }
}